
> @onegenui/schemas@0.1.0 build /Users/giulioleone/Sviluppo/genUi/json-render/packages/schemas
> tsup

CLI Building entry: src/index.ts
CLI Using tsconfig: tsconfig.json
CLI tsup v8.5.1
CLI Using tsup config: /Users/giulioleone/Sviluppo/genUi/json-render/packages/schemas/tsup.config.ts
CLI Target: es2020
CLI Cleaning output folder
CJS Build start
ESM Build start
ESM dist/index.js     7.90 KB
ESM dist/index.js.map 18.77 KB
ESM ⚡️ Build success in 50ms
CJS dist/index.cjs     11.38 KB
CJS dist/index.cjs.map 19.56 KB
CJS ⚡️ Build success in 51ms
DTS Build start
DTS ⚡️ Build success in 1770ms
DTS dist/index.d.cts 5.55 KB
DTS dist/index.d.ts  5.55 KB
